Hello Andrew!

This is a very basic test.

The following section does not exist:



The following section will appear three times:

 * This is the last item: false

 * This is the last item: false

 * This is the last item: true


The following section will appear once:

I will be printed once.

